---
source: src/lib.rs
expression: body
---
<?xml version="1.0" encoding="UTF-8"?>
<urlset xmlns="http://www.sitemaps.org/schemas/sitemap/0.9">
  <url><loc>https://plausiden.com/</loc><lastmod>2026-04-27</lastmod><changefreq>weekly</changefreq><priority>1.0</priority></url>
  <url><loc>https://plausiden.com/services</loc><lastmod>2026-04-27</lastmod><changefreq>monthly</changefreq><priority>0.9</priority></url>
  <url><loc>https://plausiden.com/capabilities</loc><lastmod>2026-04-27</lastmod><changefreq>monthly</changefreq><priority>0.9</priority></url>
  <url><loc>https://plausiden.com/case-studies</loc><lastmod>2026-04-27</lastmod><changefreq>monthly</changefreq><priority>0.8</priority></url>
  <url><loc>https://plausiden.com/about</loc><lastmod>2026-04-27</lastmod><changefreq>monthly</changefreq><priority>0.7</priority></url>
  <url><loc>https://plausiden.com/contact</loc><lastmod>2026-04-27</lastmod><changefreq>yearly</changefreq><priority>0.8</priority></url>
  <url><loc>https://plausiden.com/feedback</loc><lastmod>2026-04-27</lastmod><changefreq>yearly</changefreq><priority>0.6</priority></url>
  <url><loc>https://plausiden.com/blog</loc><lastmod>2026-04-27</lastmod><changefreq>weekly</changefreq><priority>0.9</priority></url>
  <url><loc>https://plausiden.com/subscribe</loc><lastmod>2026-04-27</lastmod><changefreq>yearly</changefreq><priority>0.5</priority></url>
  <url><loc>https://plausiden.com/solutions/legal</loc><lastmod>2026-04-27</lastmod><changefreq>monthly</changefreq><priority>0.8</priority></url>
  <url><loc>https://plausiden.com/solutions/healthcare</loc><lastmod>2026-04-27</lastmod><changefreq>monthly</changefreq><priority>0.8</priority></url>
  <url><loc>https://plausiden.com/solutions/journalism</loc><lastmod>2026-04-27</lastmod><changefreq>monthly</changefreq><priority>0.8</priority></url>
  <url><loc>https://plausiden.com/solutions/financial-advisors</loc><lastmod>2026-04-27</lastmod><changefreq>monthly</changefreq><priority>0.8</priority></url>
  <url><loc>https://plausiden.com/solutions/nonprofit</loc><lastmod>2026-04-27</lastmod><changefreq>monthly</changefreq><priority>0.8</priority></url>
  <url><loc>https://plausiden.com/how-we-work</loc><lastmod>2026-04-27</lastmod><changefreq>monthly</changefreq><priority>0.7</priority></url>
  <url><loc>https://plausiden.com/pricing-transparency</loc><lastmod>2026-04-27</lastmod><changefreq>monthly</changefreq><priority>0.7</priority></url>
  <url><loc>https://plausiden.com/privacy-directive</loc><lastmod>2026-04-27</lastmod><changefreq>yearly</changefreq><priority>0.4</priority></url>
  <url><loc>https://plausiden.com/terms-of-service</loc><lastmod>2026-04-27</lastmod><changefreq>yearly</changefreq><priority>0.4</priority></url>
  <url><loc>https://plausiden.com/blog/plausible-deniability</loc><lastmod>2026-04-27</lastmod><changefreq>yearly</changefreq><priority>0.7</priority></url>
  <url><loc>https://plausiden.com/blog/why-thundercrab</loc><lastmod>2026-04-27</lastmod><changefreq>yearly</changefreq><priority>0.7</priority></url>
  <url><loc>https://plausiden.com/blog/provable-privacy</loc><lastmod>2026-04-27</lastmod><changefreq>yearly</changefreq><priority>0.7</priority></url>
  <url><loc>https://plausiden.com/blog/avp-doctrine</loc><lastmod>2026-04-27</lastmod><changefreq>yearly</changefreq><priority>0.7</priority></url>
  <url><loc>https://plausiden.com/blog/federated-rule-learning</loc><lastmod>2026-04-26</lastmod><changefreq>yearly</changefreq><priority>0.7</priority></url>
</urlset>
